Run github/codeql-action/upload-sarif@v2
  with:
    sarif_file: reports/cppcheck.sarif
    checkout_path: /home/runner/work/BookMeSilly/BookMeSilly
    token: ***
    matrix: null
    wait-for-processing: true
  env:
    REGISTRY: ghcr.io
    IMAGE_NAME: teojorlen/BookMeSilly
Error: CodeQL Action major versions v1 and v2 have been deprecated. Please update all occurrences of the CodeQL Action in your workflow files to v3. For more information, see https://github.blog/changelog/2025-01-10-code-scanning-codeql-action-v2-is-now-deprecated/
Warning: Resource not accessible by integration
Uploading results
  Processing sarif files: ["reports/cppcheck.sarif"]
  Validating reports/cppcheck.sarif
  Combining SARIF files using the CodeQL CLI
  Adding fingerprints to SARIF file. See https://docs.github.com/en/enterprise-cloud@latest/code-security/code-scanning/integrating-with-code-scanning/sarif-support-for-code-scanning#providing-data-to-track-code-scanning-alerts-across-runs for more information.
  Uploading results
  Warning: Resource not accessible by integration
  Error: Resource not accessible by integration
  Warning: Resource not accessible by integration